// Jest Snapshot v1, https://goo.gl/fbAQLP

exports[`Table renders expected rows and columns 1`] = `
<ForwardRef>
  <ForwardRef>
    <ForwardRef>
      <ForwardRef>
        <TableHeadCell
          column={
            Object {
              "Cell": [Function],
              "header": "Foo",
              "isNumeric": true,
              "isSortable": true,
              "key": "foo",
            }
          }
          key="foo"
          onSort={[Function]}
          sortKey="foo"
          sortOrder="ASC"
        />
        <TableHeadCell
          column={
            Object {
              "Cell": [Function],
              "header": "Bar",
              "isLiteral": true,
              "key": "bar",
            }
          }
          key="bar"
          onSort={[Function]}
          sortKey="foo"
          sortOrder="ASC"
        />
        <TableHeadCell
          column={
            Object {
              "Cell": [Function],
              "header": "Baz",
              "key": "baz",
            }
          }
          key="baz"
          onSort={[Function]}
          sortKey="foo"
          sortOrder="ASC"
        />
      </ForwardRef>
    </ForwardRef>
    <ForwardRef>
      <TableBodyRow
        columns={
          Array [
            Object {
              "Cell": [Function],
              "header": "Foo",
              "isNumeric": true,
              "isSortable": true,
              "key": "foo",
            },
            Object {
              "Cell": [Function],
              "header": "Bar",
              "isLiteral": true,
              "key": "bar",
            },
            Object {
              "Cell": [Function],
              "header": "Baz",
              "key": "baz",
            },
          ]
        }
        key="a"
        row={
          Object {
            "bar": "a",
            "foo": "a",
            "key": "a",
          }
        }
      />
      <TableBodyRow
        columns={
          Array [
            Object {
              "Cell": [Function],
              "header": "Foo",
              "isNumeric": true,
              "isSortable": true,
              "key": "foo",
            },
            Object {
              "Cell": [Function],
              "header": "Bar",
              "isLiteral": true,
              "key": "bar",
            },
            Object {
              "Cell": [Function],
              "header": "Baz",
              "key": "baz",
            },
          ]
        }
        key="b"
        row={
          Object {
            "bar": "b",
            "foo": "b",
            "key": "b",
          }
        }
      />
      <TableBodyRow
        columns={
          Array [
            Object {
              "Cell": [Function],
              "header": "Foo",
              "isNumeric": true,
              "isSortable": true,
              "key": "foo",
            },
            Object {
              "Cell": [Function],
              "header": "Bar",
              "isLiteral": true,
              "key": "bar",
            },
            Object {
              "Cell": [Function],
              "header": "Baz",
              "key": "baz",
            },
          ]
        }
        key="c"
        row={
          Object {
            "bar": "c",
            "foo": "c",
            "key": "c",
          }
        }
      />
    </ForwardRef>
  </ForwardRef>
</ForwardRef>
`;
